// Jest Snapshot v1, https://goo.gl/fbAQLP

exports[`DataGridHeaderCell renders a default state 1`] = `
<div>
  <div
    aria-sort="ascending"
    class="fui-DataGridHeaderCell fui-TableHeaderCell"
    role="columnheader"
  >
    <div
      class="fui-DataGridHeaderCell__button fui-TableHeaderCell__button"
      role="button"
      tabindex="0"
    >
      Default DataGridHeaderCell
      <span
        class="fui-DataGridHeaderCell__sortIcon fui-TableHeaderCell__sortIcon"
      >
        <svg
          aria-hidden="true"
          class=""
          fill="currentColor"
          font-size="12"
          height="1em"
          viewBox="0 0 20 20"
          width="1em"
          xmlns="http://www.w3.org/2000/svg"
        >
          <path
            d="M3.13 9.16a.5.5 0 1 0 .74.68L9.5 3.67V17.5a.5.5 0 1 0 1 0V3.67l5.63 6.17a.5.5 0 0 0 .74-.68l-6.32-6.92a.75.75 0 0 0-1.1 0L3.13 9.16Z"
            fill="currentColor"
          />
        </svg>
      </span>
    </div>
  </div>
</div>
`;
